Microsoft (R) Macro Assembler Version 14.00.24210.0	    09/21/17 18:17:59
Lab5.asm						     Page 1 - 1


				COMMENT @
				Student: Harnoor Singh
					Class : CSC3210
					Assignment : 3
					Description : This assembly program adds then number 10 to the EAX register, adds 8 to the EDX register,
					3 to AX register and 2 to AL register.
				@

				.386
				.model flat, stdcall
				.stack 4096
				ExitProcess PROTO, dwExitCode:DWORD

 00000000			.code
 00000000			main PROC
 00000000  83 C0 0A			add eax,10; adds then number 10 to the EAX register
 00000003  83 C2 08			add edx,8 ; adds 8 to the EDX register
 00000006  66| 83 C0 03			add ax, 3 ; adds 3 to AX register
 0000000A  04 02			add al, 2 ; adds 2 to AL register

				invoke ExitProcess, 0
 0000000C  6A 00	   *	    push   +000000000h
 0000000E  E8 00000000 E   *	    call   ExitProcess
 00000013			main endp
				end main
Microsoft (R) Macro Assembler Version 14.00.24210.0	    09/21/17 18:17:59
Lab5.asm						     Symbols 2 - 1




Segments and Groups:

                N a m e                 Size     Length   Align   Combine Class

FLAT . . . . . . . . . . . . . .	GROUP
STACK  . . . . . . . . . . . . .	32 Bit	 00001000 DWord	  Stack	  'STACK'	 
_DATA  . . . . . . . . . . . . .	32 Bit	 00000000 DWord	  Public  'DATA'	
_TEXT  . . . . . . . . . . . . .	32 Bit	 00000013 DWord	  Public  'CODE'	


Procedures, parameters, and locals:

                N a m e                 Type     Value    Attr

ExitProcess  . . . . . . . . . .	P Near	 00000000 FLAT	Length= 00000000 External STDCALL
main . . . . . . . . . . . . . .	P Near	 00000000 _TEXT	Length= 00000013 Public STDCALL


Symbols:

                N a m e                 Type     Value    Attr

@CodeSize  . . . . . . . . . . .	Number	 00000000h   
@DataSize  . . . . . . . . . . .	Number	 00000000h   
@Interface . . . . . . . . . . .	Number	 00000003h   
@Model . . . . . . . . . . . . .	Number	 00000007h   
@code  . . . . . . . . . . . . .	Text   	 _TEXT
@data  . . . . . . . . . . . . .	Text   	 FLAT
@fardata?  . . . . . . . . . . .	Text   	 FLAT
@fardata . . . . . . . . . . . .	Text   	 FLAT
@stack . . . . . . . . . . . . .	Text   	 FLAT

	   0 Warnings
	   0 Errors
